// Jest Snapshot v1, https://goo.gl/fbAQLP

exports[`renders correctly 1`] = `
.emotion-0 {
  display: -webkit-box;
  display: -webkit-flex;
  display: -ms-flexbox;
  display: flex;
  -webkit-align-items: center;
  -webkit-box-align: center;
  -ms-flex-align: center;
  align-items: center;
  padding: 12px;
  background-color: #fff;
  box-shadow: 0 1px 3px rgba(0,0,0,0.20),0 1px 2px rgba(0,0,0,0.32);
  border-radius: 3px;
  margin-bottom: 16px;
}

.emotion-0 .label {
  margin-right: 8px;
}

.emotion-0 select {
  padding: 3px 8px;
}

<div
  className="emotion-0"
>
  <div
    className="label"
  >
    Per page:
  </div>
  <select
    onChange={[Function]}
  >
    <option>
      15
    </option>
    <option>
      30
    </option>
    <option>
      50
    </option>
  </select>
</div>
`;
